[dexhook] A: pthread_create 观察 + 壳线程入口压制已装
[dexhook] A2/A3: native exit/signal 观察 + shell 来源 pc-redirect 拦截已装
[dexhook] A4: android_dlopen_ext 观察已装
[dexhook] B+C: scheduling Java.performNow/perform, available=true
[dexhook] B+C: Java.perform entered
[dexhook] B3: MiuiForceDark native hooks installed (2 overloads)
[dexhook] B4: UEH observer installed
[dexhook] E1: RegisterNatives 观察已装
[dexhook] E2: 类加载时间线已装 (3s)
[dexhook] C1: InMemoryDexClassLoader hooks installed (3 overloads)
[dexhook] C2: DexFile.openInMemoryDexFiles hooked (1 overloads)
[dexhook] C2: DexFile.loadDex hooked (2 overloads)
[dexhook] C2: DexFile.openDexFile hooked (1 overloads)
[dexhook] C3: DexClassLoader hooks installed
[dexhook] v5 script loaded, hooks ready
[*] nativeLoad rewrite target: /data/app/~~ijH4u6xWQUI5QD1pMdtdsg==/com.moutai.mall-3XzH1chtKcKYO0mGTiWweQ==/lib/arm64/libDexHelper.so
[*] resumed pid=24470
[dexhook] A2: raise(19) caller=boot-framework.oat
[dexhook] A2: tgkill(19) caller=unknown
[dexhook] B2: System.loadLibrary(miui_runtime)
[dexhook] B2: Runtime.nativeLoad(libmiui_runtime.so)
[dexhook] B2: Runtime.nativeLoad result=success(null)
[dexhook] C2: DexFile.openDexFile called args=[str[len=44,tail=org.apache.http.legacy.jar], null, num=0, dalvik.system.PathClassLoader, object]
[dexhook] A4: dlopen_ext(org.apache.http.legacy.odex) caller=libart.so ret=ok
[dexhook] C2: DexFile.openDexFile called args=[str[len=86,tail=base.apk], null, num=0, dalvik.system.PathClassLoader, object]
[dexhook] A4: dlopen_ext(base.odex) caller=libart.so ret=ok
[*] am start com.moutai.mall/.module.splash.SplashActivity[dexhook] B2: System.loadLibrary(DexHelper)

[dexhook] B2: Runtime.nativeLoad(libDexHelper.so)
[dexhook] B2: rewrite nativeLoad arg "libDexHelper.so" -> /data/app/~~ijH4u6xWQUI5QD1pMdtdsg==/com.moutai.mall-3XzH1chtKcKYO0mGTiWweQ==/lib/arm64/libDexHelper.so
[dexhook] B2: app loader = dalvik.system.PathClassLoader @ 223579161
[dexhook] B2: nativeLoad loader arg[1] -> app PathClassLoader
[dexhook] A4: dlopen_ext(libDexHelper.so) caller=libnativeloader.so ret=ok
[dexhook] A2: tgkill(33) caller=libbacktrace.so
[dexhook] A2: tgkill(33) caller=libbacktrace.so
[dexhook] A2: tgkill(33) caller=libbacktrace.so
[dexhook] A2: tgkill(33) caller=libbacktrace.so
[dexhook] A2: tgkill(33) caller=libbacktrace.so
[dexhook] A2: tgkill(33) caller=libbacktrace.so
[dexhook] A2: tgkill(33) caller=libbacktrace.so
[dexhook] A2: tgkill(33) caller=libbacktrace.so
[dexhook] A2: tgkill(33) caller=libbacktrace.so
[dexhook] A2: tgkill(33) caller=libbacktrace.so
[dexhook] A2: tgkill(33) caller=libbacktrace.so
[dexhook] A2: tgkill(33) caller=libbacktrace.so
[dexhook] A2: tgkill(33) caller=libbacktrace.so
[dexhook] A2: tgkill(33) caller=libbacktrace.so
[dexhook] A2: tgkill(33) caller=libbacktrace.so
[dexhook] A2: tgkill(33) caller=libbacktrace.so
[dexhook] A2: abort caller=libart.so
[!] script destroyed @ 2.1s
[!] session detached @ 2.1s reason=process-terminated (Crash(pid=24470, process_name="com.moutai.mall", summary="Trace/BPT trap", report=<3911 bytes>, parameters={}),)
[+] NEW process pid=24525 @ 3.5s
[+] NEW process pid=24545 @ 3.5s
[+] NEW process pid=24552 @ 3.5s
[+] NEW process pid=24580 @ 3.5s
[+] NEW process pid=25021 @ 7.2s
[!] rpc get_stats failed: script has been destroyed
[*] stats: null
[!] rpc list_loaded_classes failed: script has been destroyed
[*] done rs_seen=False dex=0 regnat_msgs=0
